[1/75] /how-to-sell-my-house-fast-in-arizona/
[2/75] /conventional-home-loans-vs-fha-loans-which-is-right-for-you/
[3/75] /when-is-a-mortgage-payment-actually-considered-late/
[4/75] /how-to-calculate-how-much-pmi-mortgage-insurance-will-be/
[5/75] /understanding-amortization-chart/
[6/75] /what-if-my-spouse-dies-and-im-not-on-the-mortgage/
[7/75] /what-are-mortgage-trigger-leads/
[8/75] /how-does-a-mortgage-apr-work-and-what-does-it-mean/
[9/75] /what-are-closing-costs-on-a-home-purchase/
[10/75] /mortgage-payoff-higher-than-mortgage-balance/
[11/75] /getting-a-mortgage-with-employment-gaps/
[12/75] /better-getting-mortgage-couple-vs-single-applicant/
[13/75] /can-i-relocate-and-get-a-mortgage-while-working-remotely-out-of-state/
[14/75] /dscr-loan-the-best-alternative-to-hard-money/
[15/75] /arizona-binsr-buyer-inspection-notice-and-seller-response/
[16/75] /what-you-need-to-know-about-the-arizona-prequalification-form/
[17/75] /arizona-mortgage-rates-and-the-interest-deduction/
[18/75] /prepayment-penalties-on-your-arizona-mortgage/
[19/75] /buying-down-your-arizona-interest-rate/
[20/75] /arizona-second-mortgages/
[21/75] /arizona-real-estate-capital-gains-is-back/
[22/75] /delayed-financing-how-to-get-cashout-without-waiting-6-months-seasoning/
[23/75] /what-is-an-example-of-a-mortgage-recast/
[24/75] /buying-a-house-with-a-cash-offer-and-simultaneously-getting-mortgage-financing/
[25/75] /how-does-my-car-loan-payment-affect-my-mortgage/
[26/75] /grossing-up-your-income-what-does-that-mean/
[27/75] /can-i-get-a-3rd-mortgage/
[28/75] /how-fast-is-too-fast-to-close-a-mortgage-loan-to-purchase-a-house/
[29/75] /what-is-the-difference-between-aan-arizona-condo-and-arizona-townhome/
[30/75] /detached-guest-home-casita-appraisal-issues/
[31/75] /difference-between-owner-occupied-second-home-and-investment-property/
[32/75] /buying-or-selling-personal-property-with-your-home-sale-must-watch-this-first/
[33/75] /how-to-skip-2-payments-on-your-mortgage/
[34/75] /put-bow-fha-loan-gift-guide/
[35/75] /lsu-forms-loan-status-updates-and-what-you-need-to-know/
[36/75] /how-do-solar-panels-affect-the-mortgage-and-closing-process/
[37/75] /get-part-income-commission-can-use-qualify-loan/
[38/75] /how-to-count-commissions-and-bonuses-and-tips/
[39/75] /who-can-and-cannot-be-on-title-when-you-get-a-mortgage/
[40/75] /is-the-mortgage-interest-tax-deduction-really-a-big-deal/
[41/75] /how-high-will-a-lender-allow-your-deductible-to-be/
[42/75] /arizona-vacation-and-investment-home-mortgages/
[43/75] /if-i-have-1-mortgage-late-in-the-past-12-months-can-i-get-approved-for-a-mortgage/
[44/75] /what-is-a-conventional-home-loan-the-complete-first-time-buyer-mortgage-guide/
[45/75] /arizona-real-estate-trends-in-2026-predicting-mortgage-rates-for-the-coming-year/
[46/75] /what-is-a-jumbo-loan-everything-you-need-to-know-before-applying/
[47/75] /va-loans-for-first-time-homebuyers-in-arizona-your-path-to-affordable-homeownership/
[48/75] /how-to-get-a-mortgage-in-arizona-with-fair-or-improving-credit/
[49/75] /glossary/
[50/75] /the-broker-advantage/
[51/75] /arizona-refinance-process/
[52/75] /arizona-home-buying-process/
[53/75] /arizona-mortgage-approval-process/
[54/75] /arizona-mortgage-closing-process/
[55/75] /arizona-mortgage-payments/
[56/75] /can-i-simply-payoff-credit-cards-to-qualify-for-a-mortgage/
[57/75] /air-conditionings-impact-phoenix-valley-real-estate/
[58/75] /canceling-your-fha-mip-is-easier-than-you-think/
[59/75] /arizona-mortgage-basics/
[60/75] /arizona-mortgage-closing-costs/
[61/75] /navigating-mortgage-options-during-divorce-a-complete-guide/
[62/75] /top-7-reasons-arizona-investment-home-buyers-choose-private-money-lenders/
[63/75] /who-qualifies-for-a-reverse-mortgage-understanding-eligibility-requirements/
[64/75] /connecting-guest-house-main-house-add-value/
[65/75] /how-a-rapid-rescore-can-help-to-get-qualified-for-a-mortgage/
[66/75] /why-use-an-arizona-mortgage-broker/
[67/75] /arizona-understanding-your-credit/
[68/75] /seller-concessions-to-buyers-how-much/
[69/75] /ultimate-guide-first-mortgage/
[70/75] /expect-youre-not-first-time-mortgage-shopper/
[71/75] /fha-flip-rule-waiver-expired-you-need-wait-90-days-to-write-a-contract/
[72/75] /is-homeownership-hereditary/
[73/75] /mortgage-101/
[74/75] /mortgage-rates-tool-arizona/
[75/75] /assumable-mortgage/

Total missing: 0 across 0 routes
